iis2dh_reg.c:49:9:iis2dh_read_reg	4	static
iis2dh_reg.c:67:9:iis2dh_write_reg	4	static
iis2dh_reg.c:87:7:iis2dh_from_fs2_hr_to_mg	0	static
iis2dh_reg.c:92:7:iis2dh_from_fs4_hr_to_mg	0	static
iis2dh_reg.c:97:7:iis2dh_from_fs8_hr_to_mg	0	static
iis2dh_reg.c:102:7:iis2dh_from_fs16_hr_to_mg	0	static
iis2dh_reg.c:107:7:iis2dh_from_lsb_hr_to_celsius	0	static
iis2dh_reg.c:112:7:iis2dh_from_fs2_nm_to_mg	0	static
iis2dh_reg.c:117:7:iis2dh_from_fs4_nm_to_mg	0	static
iis2dh_reg.c:122:7:iis2dh_from_fs8_nm_to_mg	0	static
iis2dh_reg.c:127:7:iis2dh_from_fs16_nm_to_mg	0	static
iis2dh_reg.c:132:7:iis2dh_from_lsb_nm_to_celsius	0	static
iis2dh_reg.c:137:7:iis2dh_from_fs2_lp_to_mg	0	static
iis2dh_reg.c:142:7:iis2dh_from_fs4_lp_to_mg	0	static
iis2dh_reg.c:147:7:iis2dh_from_fs8_lp_to_mg	0	static
iis2dh_reg.c:152:7:iis2dh_from_fs16_lp_to_mg	0	static
iis2dh_reg.c:157:7:iis2dh_from_lsb_lp_to_celsius	0	static
iis2dh_reg.c:182:9:iis2dh_temp_status_reg_get	4	static
iis2dh_reg.c:196:9:iis2dh_temp_data_ready_get	24	static
iis2dh_reg.c:215:9:iis2dh_temp_data_ovr_get	24	static
iis2dh_reg.c:234:9:iis2dh_temperature_raw_get	4	static
iis2dh_reg.c:248:9:iis2dh_temperature_meas_set	24	static
iis2dh_reg.c:270:9:iis2dh_temperature_meas_get	24	static
iis2dh_reg.c:299:9:iis2dh_operating_mode_set	24	static
iis2dh_reg.c:338:9:iis2dh_operating_mode_get	24	static
iis2dh_reg.c:366:9:iis2dh_data_rate_set	24	static
iis2dh_reg.c:387:9:iis2dh_data_rate_get	24	static
iis2dh_reg.c:440:9:iis2dh_high_pass_on_outputs_set	24	static
iis2dh_reg.c:462:9:iis2dh_high_pass_on_outputs_get	24	static
iis2dh_reg.c:487:9:iis2dh_high_pass_bandwidth_set	24	static
iis2dh_reg.c:514:9:iis2dh_high_pass_bandwidth_get	24	static
iis2dh_reg.c:548:9:iis2dh_high_pass_mode_set	24	static
iis2dh_reg.c:569:9:iis2dh_high_pass_mode_get	24	static
iis2dh_reg.c:603:9:iis2dh_full_scale_set	24	static
iis2dh_reg.c:624:9:iis2dh_full_scale_get	24	static
iis2dh_reg.c:658:9:iis2dh_block_data_update_set	24	static
iis2dh_reg.c:679:9:iis2dh_block_data_update_get	24	static
iis2dh_reg.c:699:9:iis2dh_filter_reference_set	4	static
iis2dh_reg.c:715:9:iis2dh_filter_reference_get	4	static
iis2dh_reg.c:729:9:iis2dh_xl_data_ready_get	24	static
iis2dh_reg.c:747:9:iis2dh_xl_data_ovr_get	24	static
iis2dh_reg.c:765:9:iis2dh_acceleration_raw_get	4	static
iis2dh_reg.c:791:9:iis2dh_device_id_get	4	static
iis2dh_reg.c:805:9:iis2dh_self_test_set	24	static
iis2dh_reg.c:826:9:iis2dh_self_test_get	24	static
iis2dh_reg.c:857:9:iis2dh_data_format_set	24	static
iis2dh_reg.c:878:9:iis2dh_data_format_get	24	static
iis2dh_reg.c:906:9:iis2dh_boot_set	24	static
iis2dh_reg.c:927:9:iis2dh_boot_get	24	static
iis2dh_reg.c:946:9:iis2dh_int_occurrencies_get	4	static
iis2dh_reg.c:961:9:iis2dh_status_get	4	static
iis2dh_reg.c:988:9:iis2dh_int1_gen_conf_set	4	static
iis2dh_reg.c:1003:9:iis2dh_int1_gen_conf_get	4	static
iis2dh_reg.c:1018:9:iis2dh_int1_gen_source_get	4	static
iis2dh_reg.c:1034:9:iis2dh_int1_gen_threshold_set	24	static
iis2dh_reg.c:1057:9:iis2dh_int1_gen_threshold_get	24	static
iis2dh_reg.c:1077:9:iis2dh_int1_gen_duration_set	24	static
iis2dh_reg.c:1101:9:iis2dh_int1_gen_duration_get	24	static
iis2dh_reg.c:1134:9:iis2dh_int2_gen_conf_set	4	static
iis2dh_reg.c:1149:9:iis2dh_int2_gen_conf_get	4	static
iis2dh_reg.c:1163:9:iis2dh_int2_gen_source_get	4	static
iis2dh_reg.c:1179:9:iis2dh_int2_gen_threshold_set	24	static
iis2dh_reg.c:1202:9:iis2dh_int2_gen_threshold_get	24	static
iis2dh_reg.c:1222:9:iis2dh_int2_gen_duration_set	24	static
iis2dh_reg.c:1246:9:iis2dh_int2_gen_duration_get	24	static
iis2dh_reg.c:1278:9:iis2dh_high_pass_int_conf_set	24	static
iis2dh_reg.c:1299:9:iis2dh_high_pass_int_conf_get	24	static
iis2dh_reg.c:1345:9:iis2dh_pin_int1_config_set	4	static
iis2dh_reg.c:1360:9:iis2dh_pin_int1_config_get	4	static
iis2dh_reg.c:1376:9:iis2dh_int2_pin_detect_4d_set	24	static
iis2dh_reg.c:1398:9:iis2dh_int2_pin_detect_4d_get	24	static
iis2dh_reg.c:1419:9:iis2dh_int2_pin_notification_mode_set	24	static
iis2dh_reg.c:1443:9:iis2dh_int2_pin_notification_mode_get	24	static
iis2dh_reg.c:1473:9:iis2dh_int1_pin_detect_4d_set	24	static
iis2dh_reg.c:1495:9:iis2dh_int1_pin_detect_4d_get	24	static
iis2dh_reg.c:1515:9:iis2dh_int1_pin_notification_mode_set	24	static
iis2dh_reg.c:1538:9:iis2dh_int1_pin_notification_mode_get	24	static
iis2dh_reg.c:1567:9:iis2dh_pin_int2_config_set	4	static
iis2dh_reg.c:1582:9:iis2dh_pin_int2_config_get	4	static
iis2dh_reg.c:1609:9:iis2dh_fifo_set	24	static
iis2dh_reg.c:1630:9:iis2dh_fifo_get	24	static
iis2dh_reg.c:1649:9:iis2dh_fifo_watermark_set	24	static
iis2dh_reg.c:1672:9:iis2dh_fifo_watermark_get	24	static
iis2dh_reg.c:1692:9:iis2dh_fifo_trigger_event_set	24	static
iis2dh_reg.c:1715:9:iis2dh_fifo_trigger_event_get	24	static
iis2dh_reg.c:1744:9:iis2dh_fifo_mode_set	24	static
iis2dh_reg.c:1767:9:iis2dh_fifo_mode_get	24	static
iis2dh_reg.c:1802:9:iis2dh_fifo_status_get	4	static
iis2dh_reg.c:1816:9:iis2dh_fifo_data_level_get	24	static
iis2dh_reg.c:1834:9:iis2dh_fifo_empty_flag_get	24	static
iis2dh_reg.c:1852:9:iis2dh_fifo_ovr_flag_get	24	static
iis2dh_reg.c:1870:9:iis2dh_fifo_fth_flag_get	24	static
iis2dh_reg.c:1901:9:iis2dh_tap_conf_set	4	static
iis2dh_reg.c:1916:9:iis2dh_tap_conf_get	4	static
iis2dh_reg.c:1930:9:iis2dh_tap_source_get	4	static
iis2dh_reg.c:1945:9:iis2dh_tap_threshold_set	24	static
iis2dh_reg.c:1967:9:iis2dh_tap_threshold_get	24	static
iis2dh_reg.c:1988:9:iis2dh_shock_dur_set	24	static
iis2dh_reg.c:2011:9:iis2dh_shock_dur_get	24	static
iis2dh_reg.c:2033:9:iis2dh_quiet_dur_set	24	static
iis2dh_reg.c:2058:9:iis2dh_quiet_dur_get	24	static
iis2dh_reg.c:2080:9:iis2dh_double_tap_timeout_set	24	static
iis2dh_reg.c:2104:9:iis2dh_double_tap_timeout_get	24	static
iis2dh_reg.c:2138:9:iis2dh_act_threshold_set	24	static
iis2dh_reg.c:2161:9:iis2dh_act_threshold_get	24	static
iis2dh_reg.c:2181:9:iis2dh_act_timeout_set	24	static
iis2dh_reg.c:2203:9:iis2dh_act_timeout_get	24	static
iis2dh_reg.c:2235:9:iis2dh_spi_mode_set	24	static
iis2dh_reg.c:2256:9:iis2dh_spi_mode_get	24	static
