main.c:494:6:BC_Int_Callback	8	static
main.c:248:6:HAL_UART_MspInit	48	static
main.c:279:6:MX_USB_DEVICE_Init	8	static
main.c:296:6:SystemClock_Config	272	static
main.c:508:6:PVD_Config	24	static
main.c:107:5:main	64	static
main.c:531:6:vApplicationIdleHook	8	static
main.c:607:6:HAL_RTC_AlarmAEventCallback	0	static
main.c:623:6:SENSOR_Generic_Data_Ready	80	static
main.c:719:6:IIS3DWB_Data_Ready	0	static
main.c:724:6:HTS221_Data_Ready	0	static
main.c:729:6:IIS2DH_Data_Ready	0	static
main.c:734:6:IIS2MDC_Data_Ready	0	static
main.c:739:6:IMP34DT05_Data_Ready	0	static
main.c:744:6:ISM330DHCX_Data_Ready	0	static
main.c:749:6:LPS22HH_Data_Ready	0	static
main.c:754:6:MP23ABS1_Data_Ready	0	static
main.c:759:6:STTS751_Data_Ready	0	static
