sdcard_manager.c:353:6:HAL_PWR_PVDCallback	0	static
sdcard_manager.c:359:9:batt_error	16	static
sdcard_manager.c:371:9:log_error	40	static
sdcard_manager.c:390:9:SDM_Memory_Init	16	static
sdcard_manager.c:422:9:SDM_Memory_Deinit	24	static
sdcard_manager.c:443:6:SDM_Peripheral_Init	0	static
sdcard_manager.c:453:6:SDM_OS_Init	40	static
sdcard_manager.c:474:6:SDM_SD_Init	8	static
sdcard_manager.c:499:6:SDM_SD_DeInit	8	static
sdcard_manager.c:518:9:SDM_OpenLogErrorFile	16	static
sdcard_manager.c:535:9:SDM_OpenFile	64	static
sdcard_manager.c:550:9:SDM_CloseFile	0	static
sdcard_manager.c:561:10:SDM_GetLastDirNumber	360	static
sdcard_manager.c:775:9:SDM_WriteConfigBuffer	16	static
sdcard_manager.c:789:9:SDM_WriteBuffer	16	static
sdcard_manager.c:801:9:SDM_Flush_Buffer	32	static
sdcard_manager.c:826:9:SDM_Fill_Buffer	32	static
sdcard_manager.c:880:9:SDM_StartSensorThread	8	static
sdcard_manager.c:606:9:SDM_InitFiles	200	static
sdcard_manager.c:928:9:SDM_StopSensorThread	8	static
sdcard_manager.c:693:9:SDM_CloseFiles	120	static
sdcard_manager.c:972:10:SDM_ReadJSON	16	static
sdcard_manager.c:144:13:SDM_Thread	120	static
sdcard_manager.c:995:10:SDM_CreateJSON	16	static
sdcard_manager.c:1008:6:HAL_GPIO_EXTI_Callback	40	static
sdcard_manager.c:1021:6:SDM_StartMeasurements	40	static
sdcard_manager.c:1051:6:SDM_AutosaveFile	16	static
