sensors_manager.c:264:13:spi_Thread	48	static
sensors_manager.c:293:13:SM_SPI_TxRxCpltCallback	0	static
sensors_manager.c:514:13:SM_SPI_MspInit	64	static
sensors_manager.c:116:6:SM_Error_Handler	0	static
sensors_manager.c:129:6:SM_OS_Init	40	static
sensors_manager.c:165:9:SM_SPI_Write	24	static
sensors_manager.c:189:9:SM_SPI_Read	32	static
sensors_manager.c:213:9:SM_SPI_Read_Os	24	static
sensors_manager.c:236:9:SM_SPI_Write_Os	24	static
sensors_manager.c:345:9:SM_I2C_Read	24	static
sensors_manager.c:362:9:SM_I2C_Write	40	static
sensors_manager.c:428:9:SM_I2C_Read_Os	24	static
sensors_manager.c:444:9:SM_I2C_Write_Os	24	static
sensors_manager.c:477:6:SM_Peripheral_Init	40	static
sensors_manager.c:647:6:SM_TIM_Init	8	static
sensors_manager.c:672:6:SM_TIM_Start	0	static
sensors_manager.c:682:6:SM_TIM_Stop	8	static
