stm32l4xx_it.c:50:6:NMI_Handler	0	static
stm32l4xx_it.c:63:6:HardFault_Handler	0	static
stm32l4xx_it.c:78:6:MemManage_Handler	0	static
stm32l4xx_it.c:93:6:BusFault_Handler	0	static
stm32l4xx_it.c:108:6:UsageFault_Handler	0	static
stm32l4xx_it.c:123:6:DebugMon_Handler	0	static
stm32l4xx_it.c:131:6:SysTick_Handler	8	static
stm32l4xx_it.c:143:6:PVD_PVM_IRQHandler	0	static
stm32l4xx_it.c:152:6:DMA1_Channel1_IRQHandler	0	static
stm32l4xx_it.c:160:6:DMA1_Channel2_IRQHandler	0	static
stm32l4xx_it.c:168:6:DMA1_Channel3_IRQHandler	0	static
stm32l4xx_it.c:176:6:DMA1_Channel4_IRQHandler	0	static
stm32l4xx_it.c:184:6:DMA1_Channel5_IRQHandler	0	static
stm32l4xx_it.c:192:6:DMA1_Channel6_IRQHandler	0	static
stm32l4xx_it.c:200:6:EXTI0_IRQHandler	0	static
stm32l4xx_it.c:208:6:EXTI9_5_IRQHandler	8	static
stm32l4xx_it.c:218:6:I2C2_EV_IRQHandler	0	static
stm32l4xx_it.c:226:6:I2C2_ER_IRQHandler	0	static
stm32l4xx_it.c:239:6:EXTI15_10_IRQHandler	8	static
stm32l4xx_it.c:248:6:EXTI2_IRQHandler	0	static
stm32l4xx_it.c:256:6:DMA2_Channel1_IRQHandler	0	static
stm32l4xx_it.c:264:6:OTG_FS_IRQHandler	0	static
stm32l4xx_it.c:269:6:SDMMC1_IRQHandler	0	static
stm32l4xx_it.c:278:13:HAL_RTC_AlarmAEventCallback	0	static
