usbd_wcid_streaming.c:793:17:USBD_WCID_STREAMING_DataIn	0	static
usbd_wcid_streaming.c:831:17:USBD_WCID_STREAMING_EP0_RxReady	24	static
usbd_wcid_streaming.c:851:18:USBD_WCID_STREAMING_GetFSCfgDesc	0	static
usbd_wcid_streaming.c:863:18:USBD_WCID_STREAMING_GetHSCfgDesc	0	static
usbd_wcid_streaming.c:875:18:USBD_WCID_STREAMING_GetOtherSpeedCfgDesc	0	static
usbd_wcid_streaming.c:887:11:USBD_WCID_STREAMING_GetDeviceQualifierDescriptor	0	static
usbd_wcid_streaming.c:900:12:USBD_WCID_STREAMING_GetUsrStrDescriptor	0	static
usbd_wcid_streaming.c:807:17:USBD_WCID_STREAMING_DataOut	16	static
usbd_wcid_streaming.c:731:17:USBD_WCID_STREAMING_Setup	32	static
usbd_wcid_streaming.c:573:17:USBD_WCID_STREAMING_DeInit	8	static
usbd_wcid_streaming.c:485:17:USBD_WCID_STREAMING_Init	16	static
usbd_wcid_streaming.c:618:17:USBD_WCID_STREAMING_SOF	24	static
usbd_wcid_streaming.c:961:10:USBD_WCID_STREAMING_SetRxDataBuffer	0	static
usbd_wcid_streaming.c:1126:10:USBD_WCID_STREAMING_RegisterInterface	0	static
usbd_wcid_streaming.c:1147:9:USBD_WCID_STREAMING_FillTxDataBuffer	28	static
usbd_wcid_streaming.c:1213:9:USBD_WCID_STREAMING_CleanTxDataBuffer	0	static
usbd_wcid_streaming.c:1232:9:USBD_WCID_STREAMING_SetTxDataBuffer	16	static
usbd_wcid_streaming.c:1261:9:USBD_WCID_STREAMING_StartStreaming	0	static
usbd_wcid_streaming.c:1284:9:USBD_WCID_STREAMING_StopStreaming	0	static
