main.c:497:6:BC_Int_Callback	8	static
main.c:251:6:HAL_UART_MspInit	48	static
main.c:282:6:MX_USB_DEVICE_Init	8	static
main.c:299:6:SystemClock_Config	272	static
main.c:511:6:PVD_Config	24	static
main.c:107:5:main	64	static
main.c:534:6:vApplicationIdleHook	8	static
main.c:610:6:HAL_RTC_AlarmAEventCallback	0	static
main.c:626:6:SENSOR_Generic_Data_Ready	80	static
main.c:722:6:IIS3DWB_Data_Ready	0	static
main.c:727:6:HTS221_Data_Ready	0	static
main.c:732:6:IIS2DH_Data_Ready	0	static
main.c:737:6:IIS2MDC_Data_Ready	0	static
main.c:742:6:IMP34DT05_Data_Ready	0	static
main.c:747:6:ISM330DHCX_Data_Ready	0	static
main.c:752:6:LPS22HH_Data_Ready	0	static
main.c:757:6:MP23ABS1_Data_Ready	0	static
main.c:762:6:STTS751_Data_Ready	0	static
